readout 2: variant effect under relabeling  device=cuda  assays=15
   A0A1I9GEU1_NEIME_Kennouche_2019                singles=922
   A0A247D711_LISMN_Stadelmann_2021               singles=1653
   A4GRB6_PSEAI_Chen_2020                         singles=5004
   BLAT_ECOLX_Firnberg_2014                       singles=4783
   CALM1_HUMAN_Weile_2017                         singles=1813
   CCDB_ECOLI_Adkar_2012                          singles=1176
   GFP_AEQVI_Sarkisyan_2016                       singles=1084
   MK01_HUMAN_Brenan_2016                         singles=6809
   MTH3_HAEAE_RockahShmuel_2015                   singles=1777
   P53_HUMAN_Kotler_2018                          singles=1048
   RL40A_YEAST_Mavor_2016                         singles=1253
   TPK1_HUMAN_Weile_2017                          singles=3181
   TRPC_SACS2_Chan_2017                           singles=1519
   VKOR1_HUMAN_Chiasson_2020_abundance            singles=2695
   VKOR1_HUMAN_Chiasson_2020_activity             singles=697

A0A1I9GEU1_NEIME_Kennouche_2019  n=922 L=161  msa=5553
  identity: ESM2 rho=+0.0297   published=+0.0297   gate=PASS   PSSM rho=-0.0004
    random        m=2    ESM dRho=-0.017+-0.013   PSSM dRho=+0.0e+00
    random        m=6    ESM dRho=-0.041+-0.007   PSSM dRho=+0.0e+00
    random        m=10   ESM dRho=-0.076+-0.029   PSSM dRho=+0.0e+00
    random        m=20   ESM dRho=-0.107+-0.010   PSSM dRho=+0.0e+00
    In-class  m=2    ESM dRho=-0.018+-0.013   PSSM dRho=+0.0e+00
    In-class  m=6    ESM dRho=-0.018+-0.009   PSSM dRho=+0.0e+00
    In-class  m=10   ESM dRho=+0.000+-0.018   PSSM dRho=+0.0e+00
    In-class  m=20   ESM dRho=-0.003+-0.011   PSSM dRho=+0.0e+00
    Cross-class       m=2    ESM dRho=-0.031+-0.003   PSSM dRho=+0.0e+00
    Cross-class       m=6    ESM dRho=-0.078+-0.039   PSSM dRho=+0.0e+00
    Cross-class       m=10   ESM dRho=-0.066+-0.030   PSSM dRho=+0.0e+00
    Cross-class       m=20   ESM dRho=-0.080+-0.010   PSSM dRho=+0.0e+00

A0A247D711_LISMN_Stadelmann_2021  n=1653 L=87  msa=57
  identity: ESM2 rho=+0.0659   published=+0.0659   gate=PASS   PSSM rho=+0.4360
    random        m=2    ESM dRho=-0.011+-0.053   PSSM dRho=+0.0e+00
    random        m=6    ESM dRho=-0.102+-0.040   PSSM dRho=+0.0e+00
    random        m=10   ESM dRho=-0.101+-0.059   PSSM dRho=+0.0e+00
    random        m=20   ESM dRho=-0.188+-0.023   PSSM dRho=+0.0e+00
    In-class  m=2    ESM dRho=+0.007+-0.011   PSSM dRho=+0.0e+00
    In-class  m=6    ESM dRho=-0.037+-0.046   PSSM dRho=+0.0e+00
    In-class  m=10   ESM dRho=-0.109+-0.056   PSSM dRho=+0.0e+00
    In-class  m=20   ESM dRho=-0.139+-0.002   PSSM dRho=+0.0e+00
    Cross-class       m=2    ESM dRho=-0.093+-0.014   PSSM dRho=+0.0e+00
    Cross-class       m=6    ESM dRho=-0.135+-0.012   PSSM dRho=+0.0e+00
    Cross-class       m=10   ESM dRho=-0.118+-0.018   PSSM dRho=+0.0e+00
    Cross-class       m=20   ESM dRho=-0.182+-0.043   PSSM dRho=+0.0e+00

A4GRB6_PSEAI_Chen_2020  n=5004 L=266  msa=20000
  identity: ESM2 rho=+0.7382   published=+0.7382   gate=PASS   PSSM rho=+0.0221
    random        m=2    ESM dRho=-0.145+-0.028   PSSM dRho=+0.0e+00
    random        m=6    ESM dRho=-0.605+-0.120   PSSM dRho=+0.0e+00
    random        m=10   ESM dRho=-0.709+-0.030   PSSM dRho=+0.0e+00
    random        m=20   ESM dRho=-0.704+-0.004   PSSM dRho=+0.0e+00
    In-class  m=2    ESM dRho=-0.012+-0.003   PSSM dRho=+0.0e+00
    In-class  m=6    ESM dRho=-0.069+-0.025   PSSM dRho=+0.0e+00
    In-class  m=10   ESM dRho=-0.160+-0.030   PSSM dRho=+0.0e+00
    In-class  m=20   ESM dRho=-0.223+-0.007   PSSM dRho=+0.0e+00
    Cross-class       m=2    ESM dRho=-0.197+-0.087   PSSM dRho=+0.0e+00
    Cross-class       m=6    ESM dRho=-0.472+-0.189   PSSM dRho=+0.0e+00
    Cross-class       m=10   ESM dRho=-0.740+-0.021   PSSM dRho=+0.0e+00
    Cross-class       m=20   ESM dRho=-0.735+-0.001   PSSM dRho=+0.0e+00

BLAT_ECOLX_Firnberg_2014  n=4783 L=286  msa=20000
  identity: ESM2 rho=+0.7371   published=+0.7371   gate=PASS   PSSM rho=-0.0274
    random        m=2    ESM dRho=-0.137+-0.044   PSSM dRho=+0.0e+00
    random        m=6    ESM dRho=-0.361+-0.095   PSSM dRho=+0.0e+00
    random        m=10   ESM dRho=-0.586+-0.108   PSSM dRho=+0.0e+00
    random        m=20   ESM dRho=-0.654+-0.023   PSSM dRho=+0.0e+00
    In-class  m=2    ESM dRho=-0.023+-0.012   PSSM dRho=+0.0e+00
    In-class  m=6    ESM dRho=-0.113+-0.026   PSSM dRho=+0.0e+00
    In-class  m=10   ESM dRho=-0.209+-0.011   PSSM dRho=+0.0e+00
    In-class  m=20   ESM dRho=-0.273+-0.010   PSSM dRho=+0.0e+00
    Cross-class       m=2    ESM dRho=-0.166+-0.054   PSSM dRho=+0.0e+00
    Cross-class       m=6    ESM dRho=-0.430+-0.177   PSSM dRho=+0.0e+00
    Cross-class       m=10   ESM dRho=-0.704+-0.015   PSSM dRho=+0.0e+00
    Cross-class       m=20   ESM dRho=-0.691+-0.015   PSSM dRho=+0.0e+00

CALM1_HUMAN_Weile_2017  n=1813 L=149  msa=20000
  identity: ESM2 rho=+0.2116   published=+0.2116   gate=PASS   PSSM rho=+0.0390
    random        m=2    ESM dRho=-0.019+-0.002   PSSM dRho=+0.0e+00
    random        m=6    ESM dRho=-0.079+-0.020   PSSM dRho=+0.0e+00
    random        m=10   ESM dRho=-0.095+-0.010   PSSM dRho=+0.0e+00
    random        m=20   ESM dRho=-0.147+-0.013   PSSM dRho=+0.0e+00
    In-class  m=2    ESM dRho=+0.007+-0.008   PSSM dRho=+0.0e+00
    In-class  m=6    ESM dRho=-0.003+-0.004   PSSM dRho=+0.0e+00
    In-class  m=10   ESM dRho=-0.007+-0.015   PSSM dRho=+0.0e+00
    In-class  m=20   ESM dRho=-0.025+-0.014   PSSM dRho=+0.0e+00
    Cross-class       m=2    ESM dRho=-0.055+-0.035   PSSM dRho=+0.0e+00
    Cross-class       m=6    ESM dRho=-0.093+-0.012   PSSM dRho=+0.0e+00
    Cross-class       m=10   ESM dRho=-0.129+-0.013   PSSM dRho=+0.0e+00
    Cross-class       m=20   ESM dRho=-0.128+-0.008   PSSM dRho=+0.0e+00

CCDB_ECOLI_Adkar_2012  n=1176 L=101  msa=20000
  identity: ESM2 rho=+0.4720   published=+0.4720   gate=PASS   PSSM rho=-0.2261
    random        m=2    ESM dRho=-0.143+-0.108   PSSM dRho=+0.0e+00
    random        m=6    ESM dRho=-0.639+-0.050   PSSM dRho=+0.0e+00
    random        m=10   ESM dRho=-0.459+-0.004   PSSM dRho=+0.0e+00
    random        m=20   ESM dRho=-0.549+-0.011   PSSM dRho=+0.0e+00
    In-class  m=2    ESM dRho=-0.052+-0.034   PSSM dRho=+0.0e+00
    In-class  m=6    ESM dRho=-0.112+-0.027   PSSM dRho=+0.0e+00
    In-class  m=10   ESM dRho=-0.095+-0.046   PSSM dRho=+0.0e+00
    In-class  m=20   ESM dRho=-0.321+-0.145   PSSM dRho=+0.0e+00
    Cross-class       m=2    ESM dRho=-0.149+-0.088   PSSM dRho=+0.0e+00
    Cross-class       m=6    ESM dRho=-0.518+-0.110   PSSM dRho=+0.0e+00
    Cross-class       m=10   ESM dRho=-0.622+-0.063   PSSM dRho=+0.0e+00
    Cross-class       m=20   ESM dRho=-0.626+-0.062   PSSM dRho=+0.0e+00

GFP_AEQVI_Sarkisyan_2016  n=1084 L=238  msa=396
  identity: ESM2 rho=+0.0516   published=+0.0516   gate=PASS   PSSM rho=+0.0009
    random        m=2    ESM dRho=-0.066+-0.027   PSSM dRho=+0.0e+00
    random        m=6    ESM dRho=-0.094+-0.026   PSSM dRho=+0.0e+00
    random        m=10   ESM dRho=-0.055+-0.027   PSSM dRho=+0.0e+00
    random        m=20   ESM dRho=-0.054+-0.034   PSSM dRho=+0.0e+00
    In-class  m=2    ESM dRho=-0.013+-0.002   PSSM dRho=+0.0e+00
    In-class  m=6    ESM dRho=+0.001+-0.017   PSSM dRho=+0.0e+00
    In-class  m=10   ESM dRho=-0.004+-0.012   PSSM dRho=+0.0e+00
    In-class  m=20   ESM dRho=-0.055+-0.017   PSSM dRho=+0.0e+00
    Cross-class       m=2    ESM dRho=-0.088+-0.032   PSSM dRho=+0.0e+00
    Cross-class       m=6    ESM dRho=-0.070+-0.022   PSSM dRho=+0.0e+00
    Cross-class       m=10   ESM dRho=-0.087+-0.002   PSSM dRho=+0.0e+00
    Cross-class       m=20   ESM dRho=-0.051+-0.027   PSSM dRho=+0.0e+00

MK01_HUMAN_Brenan_2016  n=6809 L=360  msa=20000
  identity: ESM2 rho=+0.1782   published=+0.1782   gate=PASS   PSSM rho=+0.1065
    random        m=2    ESM dRho=-0.049+-0.010   PSSM dRho=+0.0e+00
    random        m=6    ESM dRho=-0.135+-0.040   PSSM dRho=+0.0e+00
    random        m=10   ESM dRho=-0.229+-0.043   PSSM dRho=+0.0e+00
    random        m=20   ESM dRho=-0.275+-0.031   PSSM dRho=+0.0e+00
    In-class  m=2    ESM dRho=-0.038+-0.020   PSSM dRho=+0.0e+00
    In-class  m=6    ESM dRho=-0.075+-0.026   PSSM dRho=+0.0e+00
    In-class  m=10   ESM dRho=-0.131+-0.024   PSSM dRho=+0.0e+00
    In-class  m=20   ESM dRho=-0.154+-0.007   PSSM dRho=+0.0e+00
    Cross-class       m=2    ESM dRho=-0.054+-0.023   PSSM dRho=+0.0e+00
    Cross-class       m=6    ESM dRho=-0.191+-0.071   PSSM dRho=+0.0e+00
    Cross-class       m=10   ESM dRho=-0.279+-0.010   PSSM dRho=+0.0e+00
    Cross-class       m=20   ESM dRho=-0.291+-0.010   PSSM dRho=+0.0e+00

MTH3_HAEAE_RockahShmuel_2015  n=1777 L=330  msa=20000
  identity: ESM2 rho=+0.5267   published=+0.5267   gate=PASS   PSSM rho=+0.0601
    random        m=2    ESM dRho=-0.117+-0.021   PSSM dRho=+0.0e+00
    random        m=6    ESM dRho=-0.270+-0.081   PSSM dRho=+0.0e+00
    random        m=10   ESM dRho=-0.460+-0.091   PSSM dRho=+0.0e+00
    random        m=20   ESM dRho=-0.602+-0.013   PSSM dRho=+0.0e+00
    In-class  m=2    ESM dRho=-0.059+-0.021   PSSM dRho=+0.0e+00
    In-class  m=6    ESM dRho=-0.127+-0.030   PSSM dRho=+0.0e+00
    In-class  m=10   ESM dRho=-0.152+-0.014   PSSM dRho=+0.0e+00
    In-class  m=20   ESM dRho=-0.209+-0.013   PSSM dRho=+0.0e+00
    Cross-class       m=2    ESM dRho=-0.145+-0.047   PSSM dRho=+0.0e+00
    Cross-class       m=6    ESM dRho=-0.382+-0.175   PSSM dRho=+0.0e+00
    Cross-class       m=10   ESM dRho=-0.600+-0.013   PSSM dRho=+0.0e+00
    Cross-class       m=20   ESM dRho=-0.595+-0.009   PSSM dRho=+0.0e+00

P53_HUMAN_Kotler_2018  n=1048 L=393  msa=5069
  identity: ESM2 rho=+0.6781   published=+0.6781   gate=PASS   PSSM rho=+0.0663
    random        m=2    ESM dRho=-0.100+-0.022   PSSM dRho=+0.0e+00
    random        m=6    ESM dRho=-0.319+-0.021   PSSM dRho=+0.0e+00
    random        m=10   ESM dRho=-0.712+-0.015   PSSM dRho=+0.0e+00
    random        m=20   ESM dRho=-0.738+-0.058   PSSM dRho=+0.0e+00
    In-class  m=2    ESM dRho=-0.017+-0.010   PSSM dRho=+0.0e+00
    In-class  m=6    ESM dRho=-0.084+-0.018   PSSM dRho=+0.0e+00
    In-class  m=10   ESM dRho=-0.158+-0.004   PSSM dRho=+0.0e+00
    In-class  m=20   ESM dRho=-0.271+-0.029   PSSM dRho=+0.0e+00
    Cross-class       m=2    ESM dRho=-0.146+-0.079   PSSM dRho=+0.0e+00
    Cross-class       m=6    ESM dRho=-0.471+-0.158   PSSM dRho=+0.0e+00
    Cross-class       m=10   ESM dRho=-0.705+-0.027   PSSM dRho=+0.0e+00
    Cross-class       m=20   ESM dRho=-0.725+-0.013   PSSM dRho=+0.0e+00

RL40A_YEAST_Mavor_2016  n=1253 L=128  msa=16228
  identity: ESM2 rho=+0.5159   published=+0.5159   gate=PASS   PSSM rho=+0.0154
    random        m=2    ESM dRho=-0.165+-0.045   PSSM dRho=+0.0e+00
    random        m=6    ESM dRho=-0.311+-0.153   PSSM dRho=+0.0e+00
    random        m=10   ESM dRho=-0.389+-0.065   PSSM dRho=+0.0e+00
    random        m=20   ESM dRho=-0.524+-0.041   PSSM dRho=+0.0e+00
    In-class  m=2    ESM dRho=-0.051+-0.023   PSSM dRho=+0.0e+00
    In-class  m=6    ESM dRho=-0.093+-0.016   PSSM dRho=+0.0e+00
    In-class  m=10   ESM dRho=-0.179+-0.026   PSSM dRho=+0.0e+00
    In-class  m=20   ESM dRho=-0.226+-0.010   PSSM dRho=+0.0e+00
    Cross-class       m=2    ESM dRho=-0.162+-0.100   PSSM dRho=+0.0e+00
    Cross-class       m=6    ESM dRho=-0.401+-0.065   PSSM dRho=+0.0e+00
    Cross-class       m=10   ESM dRho=-0.489+-0.030   PSSM dRho=+0.0e+00
    Cross-class       m=20   ESM dRho=-0.587+-0.024   PSSM dRho=+0.0e+00

TPK1_HUMAN_Weile_2017  n=3181 L=243  msa=20000
  identity: ESM2 rho=+0.3386   published=+0.3386   gate=PASS   PSSM rho=+0.0203
    random        m=2    ESM dRho=-0.075+-0.005   PSSM dRho=+0.0e+00
    random        m=6    ESM dRho=-0.213+-0.049   PSSM dRho=+0.0e+00
    random        m=10   ESM dRho=-0.283+-0.012   PSSM dRho=+0.0e+00
    random        m=20   ESM dRho=-0.309+-0.027   PSSM dRho=+0.0e+00
    In-class  m=2    ESM dRho=-0.019+-0.008   PSSM dRho=+0.0e+00
    In-class  m=6    ESM dRho=-0.045+-0.007   PSSM dRho=+0.0e+00
    In-class  m=10   ESM dRho=-0.073+-0.002   PSSM dRho=+0.0e+00
    In-class  m=20   ESM dRho=-0.097+-0.002   PSSM dRho=+0.0e+00
    Cross-class       m=2    ESM dRho=-0.122+-0.047   PSSM dRho=+0.0e+00
    Cross-class       m=6    ESM dRho=-0.205+-0.044   PSSM dRho=+0.0e+00
    Cross-class       m=10   ESM dRho=-0.255+-0.015   PSSM dRho=+0.0e+00
    Cross-class       m=20   ESM dRho=-0.253+-0.000   PSSM dRho=+0.0e+00

TRPC_SACS2_Chan_2017  n=1519 L=248  msa=20000
  identity: ESM2 rho=+0.6525   published=+0.6525   gate=PASS   PSSM rho=+0.0269
    random        m=2    ESM dRho=-0.150+-0.078   PSSM dRho=+0.0e+00
    random        m=6    ESM dRho=-0.406+-0.216   PSSM dRho=+0.0e+00
    random        m=10   ESM dRho=-0.571+-0.081   PSSM dRho=+0.0e+00
    random        m=20   ESM dRho=-0.707+-0.019   PSSM dRho=+0.0e+00
    In-class  m=2    ESM dRho=-0.046+-0.021   PSSM dRho=+0.0e+00
    In-class  m=6    ESM dRho=-0.125+-0.027   PSSM dRho=+0.0e+00
    In-class  m=10   ESM dRho=-0.248+-0.029   PSSM dRho=+0.0e+00
    In-class  m=20   ESM dRho=-0.312+-0.022   PSSM dRho=+0.0e+00
    Cross-class       m=2    ESM dRho=-0.225+-0.146   PSSM dRho=+0.0e+00
    Cross-class       m=6    ESM dRho=-0.465+-0.132   PSSM dRho=+0.0e+00
    Cross-class       m=10   ESM dRho=-0.694+-0.028   PSSM dRho=+0.0e+00
    Cross-class       m=20   ESM dRho=-0.701+-0.005   PSSM dRho=+0.0e+00

VKOR1_HUMAN_Chiasson_2020_abundance  n=2695 L=163  msa=14510
  identity: ESM2 rho=+0.4933   published=+0.4933   gate=PASS   PSSM rho=+0.0738
    random        m=2    ESM dRho=-0.047+-0.070   PSSM dRho=+0.0e+00
    random        m=6    ESM dRho=-0.218+-0.061   PSSM dRho=+0.0e+00
    random        m=10   ESM dRho=-0.417+-0.032   PSSM dRho=+0.0e+00
    random        m=20   ESM dRho=-0.420+-0.039   PSSM dRho=+0.0e+00
    In-class  m=2    ESM dRho=-0.017+-0.015   PSSM dRho=+0.0e+00
    In-class  m=6    ESM dRho=-0.017+-0.013   PSSM dRho=+0.0e+00
    In-class  m=10   ESM dRho=-0.026+-0.021   PSSM dRho=+0.0e+00
    In-class  m=20   ESM dRho=-0.054+-0.011   PSSM dRho=+0.0e+00
    Cross-class       m=2    ESM dRho=-0.098+-0.017   PSSM dRho=+0.0e+00
    Cross-class       m=6    ESM dRho=-0.391+-0.156   PSSM dRho=+0.0e+00
    Cross-class       m=10   ESM dRho=-0.478+-0.034   PSSM dRho=+0.0e+00
    Cross-class       m=20   ESM dRho=-0.436+-0.024   PSSM dRho=+0.0e+00

VKOR1_HUMAN_Chiasson_2020_activity  n=697 L=163  msa=14510
  identity: ESM2 rho=+0.4302   published=+0.4302   gate=PASS   PSSM rho=+0.0202
    random        m=2    ESM dRho=-0.058+-0.054   PSSM dRho=+0.0e+00
    random        m=6    ESM dRho=-0.205+-0.096   PSSM dRho=+0.0e+00
    random        m=10   ESM dRho=-0.393+-0.021   PSSM dRho=+0.0e+00
    random        m=20   ESM dRho=-0.399+-0.034   PSSM dRho=+0.0e+00
    In-class  m=2    ESM dRho=-0.042+-0.031   PSSM dRho=+0.0e+00
    In-class  m=6    ESM dRho=-0.060+-0.011   PSSM dRho=+0.0e+00
    In-class  m=10   ESM dRho=-0.047+-0.040   PSSM dRho=+0.0e+00
    In-class  m=20   ESM dRho=-0.073+-0.010   PSSM dRho=+0.0e+00
    Cross-class       m=2    ESM dRho=-0.085+-0.021   PSSM dRho=+0.0e+00
    Cross-class       m=6    ESM dRho=-0.361+-0.150   PSSM dRho=+0.0e+00
    Cross-class       m=10   ESM dRho=-0.420+-0.066   PSSM dRho=+0.0e+00
    Cross-class       m=20   ESM dRho=-0.456+-0.042   PSSM dRho=+0.0e+00

wrote /scratch/author/icbinb/experiments/H2-alphabet-permutation/code/../results/h2_readout2_variant_effect.csv (555 rows)
